// Jest Snapshot v1, https://goo.gl/fbAQLP

exports[`Initial state is correct 1`] = `
Item {
  "_backgroundColor": null,
  "_image": null,
  "_imageOpacity": 1,
  "_imageRadius": 0.5,
  "_imageRotation": 0,
  "_imageScale": 1,
  "_label": "",
  "_labelColor": null,
  "_value": null,
  "_weight": 1,
  "_wheel": Wheel {
    "_actualRadius": 237.5,
    "_borderColor": "#000",
    "_borderWidth": 1,
    "_canvasContainer": <div>
      <canvas
        aria-label="An image of a spinning prize wheel."
        height="500"
        role="img"
        style="display: block; width: 500px; height: 500px;"
        width="500"
      />
    </div>,
    "_center": Object {
      "x": 250,
      "y": 250,
    },
    "_context": CanvasRenderingContext2D {
      "_canvas": <canvas
        aria-label="An image of a spinning prize wheel."
        height="500"
        role="img"
        style="display: block; width: 500px; height: 500px;"
        width="500"
      />,
      "_clipIndex": 1,
      "_clipStack": Array [
        Array [],
      ],
      "_directionStack": Array [
        "inherit",
      ],
      "_drawCalls": Array [],
      "_events": Array [],
      "_fillStyleStack": Array [
        "#000000",
      ],
      "_filterStack": Array [
        "none",
      ],
      "_fontStack": Array [
        "10px sans-serif",
      ],
      "_globalAlphaStack": Array [
        1,
      ],
      "_globalCompositeOperationStack": Array [
        "source-over",
      ],
      "_imageSmoothingEnabledStack": Array [
        true,
      ],
      "_imageSmoothingQualityStack": Array [
        "low",
      ],
      "_lineCapStack": Array [
        "butt",
      ],
      "_lineDashOffsetStack": Array [
        0,
      ],
      "_lineDashStack": Array [
        Array [],
      ],
      "_lineJoinStack": Array [
        "miter",
      ],
      "_lineWidthStack": Array [
        1,
      ],
      "_miterLimitStack": Array [
        10,
      ],
      "_path": Array [
        Object {
          "props": Object {},
          "transform": Array [
            1,
            0,
            0,
            1,
            0,
            0,
          ],
          "type": "beginPath",
        },
      ],
      "_shadowBlurStack": Array [
        0,
      ],
      "_shadowColorStack": Array [
        "rgba(0, 0, 0, 0)",
      ],
      "_shadowOffsetXStack": Array [
        0,
      ],
      "_shadowOffsetYStack": Array [
        0,
      ],
      "_stackIndex": 0,
      "_strokeStyleStack": Array [
        "#000000",
      ],
      "_textAlignStack": Array [
        "start",
      ],
      "_textBaselineStack": Array [
        "alphabetic",
      ],
      "_transformStack": Array [
        Array [
          1,
          0,
          0,
          1,
          0,
          0,
        ],
      ],
      "addHitRegion": [MockFunction],
      "arc": [MockFunction],
      "arcTo": [MockFunction],
      "beginPath": [MockFunction],
      "bezierCurveTo": [MockFunction],
      "clearHitRegions": [MockFunction],
      "clearRect": [MockFunction],
      "clip": [MockFunction],
      "closePath": [MockFunction],
      "createImageData": [MockFunction],
      "createLinearGradient": [MockFunction],
      "createPattern": [MockFunction],
      "createRadialGradient": [MockFunction],
      "drawFocusIfNeeded": [MockFunction],
      "drawImage": [MockFunction],
      "ellipse": [MockFunction],
      "fill": [MockFunction],
      "fillRect": [MockFunction],
      "fillText": [MockFunction],
      "getImageData": [MockFunction],
      "getLineDash": [MockFunction],
      "getTransform": [MockFunction],
      "isPointInPath": [MockFunction],
      "isPointInStroke": [MockFunction],
      "lineTo": [MockFunction],
      "measureText": [MockFunction],
      "moveTo": [MockFunction],
      "putImageData": [MockFunction],
      "quadraticCurveTo": [MockFunction],
      "rect": [MockFunction],
      "removeHitRegion": [MockFunction],
      "resetTransform": [MockFunction],
      "restore": [MockFunction],
      "rotate": [MockFunction],
      "save": [MockFunction],
      "scale": [MockFunction],
      "scrollPathIntoView": [MockFunction],
      "setLineDash": [MockFunction],
      "setTransform": [MockFunction],
      "stroke": [MockFunction],
      "strokeRect": [MockFunction],
      "strokeText": [MockFunction],
      "transform": [MockFunction],
      "translate": [MockFunction],
    },
    "_currentIndex": -1,
    "_debug": false,
    "_dragEvents": Array [],
    "_frameRequestId": 1,
    "_handler_onDevicePixelRatioChange": [Function],
    "_handler_onMouseDown": [Function],
    "_handler_onMouseMoveRefreshCursor": [Function],
    "_handler_onPointerDown": [Function],
    "_handler_onPointerMoveRefreshCursor": [Function],
    "_handler_onResize": Object {
      "stop": [Function],
    },
    "_handler_onTouchStart": [Function],
    "_image": null,
    "_isCursorOverWheel": false,
    "_isInitialising": true,
    "_isInteractive": true,
    "_itemBackgroundColors": Array [
      "#fff",
    ],
    "_itemLabelAlign": "right",
    "_itemLabelBaselineOffset": 0,
    "_itemLabelColors": Array [
      "#000",
    ],
    "_itemLabelFont": "sans-serif",
    "_itemLabelFontSize": 500,
    "_itemLabelFontSizeMax": 500,
    "_itemLabelRadius": 0.85,
    "_itemLabelRadiusMax": 0.2,
    "_itemLabelRotation": 0,
    "_itemLabelStrokeColor": "#fff",
    "_itemLabelStrokeWidth": 0,
    "_items": Array [],
    "_labelMaxWidth": 154.37499999999997,
    "_lastSpinFrameTime": null,
    "_lineColor": "#000",
    "_lineWidth": 1,
    "_mediaQueryList": Object {
      "addEventListener": [MockFunction] {
        "calls": Array [
          Array [
            "change",
            [Function],
            Object {
              "once": true,
            },
          ],
        ],
        "results": Array [
          Object {
            "type": "return",
            "value": undefined,
          },
        ],
      },
      "dispatchEvent": [MockFunction],
      "matches": false,
      "media": "(resolution: 1dppx)",
      "onchange": null,
      "removeEventListener": [MockFunction],
    },
    "_offset": Object {
      "x": 0,
      "y": 0,
    },
    "_onCurrentIndexChange": null,
    "_onRest": null,
    "_onSpin": null,
    "_overlayImage": null,
    "_pixelRatio": 0,
    "_pointerAngle": 0,
    "_radius": 0.95,
    "_rotation": 0,
    "_rotationDirection": 1,
    "_rotationResistance": -35,
    "_rotationSpeed": 0,
    "_rotationSpeedMax": 300,
    "_size": 500,
    "_spinToTimeEnd": null,
    "canvas": <canvas
      aria-label="An image of a spinning prize wheel."
      height="500"
      role="img"
      style="display: block; width: 500px; height: 500px;"
      width="500"
    />,
  },
}
`;
